// Jest Snapshot v1, https://goo.gl/fbAQLP

exports[`expect to render CardList component 1`] = `
<div>
  <Card
    email="Bigb@yahoo.com"
    id={1}
    key="0"
    name="Amitabh Bacchan"
  />
</div>
`;
